// Jest Snapshot v1, https://goo.gl/fbAQLP

exports[`1. get the settings of a user 1`] = `
Object {
  "categories": Array [
    Object {
      "name": "Sample Notifications",
      "order": 1,
      "settings": Array [
        Object {
          "description": "Sample notifications",
          "key": "sample-key",
          "name": "Notify me",
          "options": Array [
            Object {
              "locked": false,
              "locked_name": "",
              "medium": "email",
              "name": "Email",
              "value": true,
            },
            Object {
              "locked": false,
              "locked_name": "",
              "medium": "sms",
              "name": "SMS",
              "value": false,
            },
          ],
          "remarks": "sample remarks",
        },
      ],
    },
  ],
  "code": 200,
  "message": "success",
}
`;

exports[`2. save the settings of a user 1`] = `
Object {
  "code": 200,
  "message": "success",
}
`;

exports[`3. test the findValue function 1`] = `true`;

exports[`3. test the findValue function 2`] = `undefined`;

exports[`3. test the findValue function 3`] = `"email"`;

exports[`4. test the findNeighbor function 1`] = `false`;

exports[`4. test the findNeighbor function 2`] = `true`;

exports[`4. test the findNeighbor function 3`] = `true`;

exports[`4. test the findNeighbor function 4`] = `undefined`;

exports[`5. test the findSetting function 1`] = `true`;

exports[`5. test the findSetting function 2`] = `false`;

exports[`5. test the findSetting function 3`] = `undefined`;
